
> react-typescript-starter@0.1.0 test
> react-scripts test "--coverage"

FAIL src/Tests/SchedulerPage.test.tsx (11.859 s)
  ● Console

    console.error
      Warning: Each child in a list should have a unique "key" prop.
      
      Check the render method of `SchedulerPage`. See https://reactjs.org/link/warning-keys for more information.
          at SchedulerPage (/home/runner/work/cis-scheduler-team-17/cis-scheduler-team-17/src/components/SchedulerPage.tsx:22:5)
          at div
          at div
          at div
          at App (/home/runner/work/cis-scheduler-team-17/cis-scheduler-team-17/src/App.tsx:17:37)

      184 |                         </Row>
      185 |                         <Row>
    > 186 |                             <div>
          |                             ^
      187 |                                 {degree.semester_list.map(
      188 |                                     (semester: SemesterPlanner) => (
      189 |                                         <>

      at console.error (node_modules/@testing-library/react/dist/act-compat.js:55:34)
      at printWarning (node_modules/react/cjs/react-jsx-dev-runtime.development.js:117:30)
      at error (node_modules/react/cjs/react-jsx-dev-runtime.development.js:93:5)
      at validateExplicitKey (node_modules/react/cjs/react-jsx-dev-runtime.development.js:986:5)
      at validateChildKeys (node_modules/react/cjs/react-jsx-dev-runtime.development.js:1013:11)
      at jsxWithValidation (node_modules/react/cjs/react-jsx-dev-runtime.development.js:1184:11)
      at SchedulerPage (src/components/SchedulerPage.tsx:186:29)
      at renderWithHooks (node_modules/react-dom/cjs/react-dom.development.js:14985:18)

    console.error
      Warning: validateDOMNesting(...): <tr> cannot appear as a child of <table>. Add a <tbody>, <thead> or <tfoot> to your code to match the DOM tree generated by the browser.
          at tr
          at table
          at /home/runner/work/cis-scheduler-team-17/cis-scheduler-team-17/node_modules/react-bootstrap/cjs/Table.js:21:3
          at div
          at div
          at MakeSemester (/home/runner/work/cis-scheduler-team-17/cis-scheduler-team-17/src/components/MakeSemester.tsx:21:5)
          at div
          at div
          at /home/runner/work/cis-scheduler-team-17/cis-scheduler-team-17/node_modules/react-bootstrap/cjs/Row.js:22:3
          at div
          at /home/runner/work/cis-scheduler-team-17/cis-scheduler-team-17/node_modules/react-bootstrap/cjs/Col.js:72:8
          at div
          at /home/runner/work/cis-scheduler-team-17/cis-scheduler-team-17/node_modules/react-bootstrap/cjs/Container.js:24:3
          at div
          at div
          at SchedulerPage (/home/runner/work/cis-scheduler-team-17/cis-scheduler-team-17/src/components/SchedulerPage.tsx:22:5)
          at div
          at div
          at div
          at App (/home/runner/work/cis-scheduler-team-17/cis-scheduler-team-17/src/App.tsx:17:37)

      at console.error (node_modules/@testing-library/react/dist/act-compat.js:55:34)
      at printWarning (node_modules/react-dom/cjs/react-dom.development.js:67:30)
      at error (node_modules/react-dom/cjs/react-dom.development.js:43:5)
      at validateDOMNesting (node_modules/react-dom/cjs/react-dom.development.js:10081:7)
      at createInstance (node_modules/react-dom/cjs/react-dom.development.js:10181:5)
      at completeWork (node_modules/react-dom/cjs/react-dom.development.js:19464:28)
      at completeUnitOfWork (node_modules/react-dom/cjs/react-dom.development.js:22812:16)
      at performUnitOfWork (node_modules/react-dom/cjs/react-dom.development.js:22787:5)

    console.error
      Warning: Functions are not valid as a React child. This may happen if you return a Component instead of <Component /> from render. Or maybe you meant to call this function rather than return it.
          at p
          at div
          at div
          at MakeSemester (/home/runner/work/cis-scheduler-team-17/cis-scheduler-team-17/src/components/MakeSemester.tsx:21:5)
          at div
          at div
          at /home/runner/work/cis-scheduler-team-17/cis-scheduler-team-17/node_modules/react-bootstrap/cjs/Row.js:22:3
          at div
          at /home/runner/work/cis-scheduler-team-17/cis-scheduler-team-17/node_modules/react-bootstrap/cjs/Col.js:72:8
          at div
          at /home/runner/work/cis-scheduler-team-17/cis-scheduler-team-17/node_modules/react-bootstrap/cjs/Container.js:24:3
          at div
          at div
          at SchedulerPage (/home/runner/work/cis-scheduler-team-17/cis-scheduler-team-17/src/components/SchedulerPage.tsx:22:5)
          at div
          at div
          at div
          at App (/home/runner/work/cis-scheduler-team-17/cis-scheduler-team-17/src/App.tsx:17:37)

      at console.error (node_modules/@testing-library/react/dist/act-compat.js:55:34)
      at printWarning (node_modules/react-dom/cjs/react-dom.development.js:67:30)
      at error (node_modules/react-dom/cjs/react-dom.development.js:43:5)
      at warnOnFunctionType (node_modules/react-dom/cjs/react-dom.development.js:13247:5)
      at createChild (node_modules/react-dom/cjs/react-dom.development.js:13474:9)
      at reconcileChildrenArray (node_modules/react-dom/cjs/react-dom.development.js:13719:25)
      at reconcileChildFibers (node_modules/react-dom/cjs/react-dom.development.js:14125:14)
      at reconcileChildren (node_modules/react-dom/cjs/react-dom.development.js:16990:28)

  ● Testing aspects of the  › Testing the Select Taken UI › Testing Create Course Button Renders

    TestingLibraryElementError: Unable to find an element with the text: Create Course. This could be because the text is broken up by multiple elements. In this case, you can provide a function for your text matcher to make your matcher more flexible.

    Ignored nodes: comments, <script />, <style />
    [36m<body>[39m
      [36m<div>[39m
        [36m<div[39m
          [33mclass[39m=[32m"App"[39m
        [36m>[39m
          [36m<div>[39m
            [36m<div[39m
              [33mclass[39m=[32m"App"[39m
            [36m>[39m
              [36m<header[39m
                [33mclass[39m=[32m"App-header"[39m
              [36m>[39m
                [0mComputer & Information Sciences Degree Planner[0m
              [36m</header>[39m
              [36m<div[39m
                [33mclass[39m=[32m"body"[39m
              [36m>[39m
                [36m<div[39m
                  [33mclass[39m=[32m"container"[39m
                [36m>[39m
                  [36m<div[39m
                    [33mclass[39m=[32m"row"[39m
                  [36m>[39m
                    [36m<div[39m
                      [33mclass[39m=[32m"center col"[39m
                    [36m>[39m
                      [36m<div>[39m
                        [36m<div>[39m
                          [36m<label[39m
                            [33mclass[39m=[32m"form-label"[39m
                            [33mfor[39m=[32m"Degrees"[39m
                          [36m>[39m
                            [36m<strong>[39m
                              [0mDegrees[0m
                            [36m</strong>[39m
                          [36m</label>[39m
                          [36m<select[39m
                            [33mclass[39m=[32m"dropdownForm form-select"[39m
                            [33mdata-testid[39m=[32m"dropdown"[39m
                            [33mid[39m=[32m"Degrees"[39m
                          [36m>[39m
                            [36m<option[39m
                              [33mtitle[39m=[32m"No Degree has been selected"[39m
                              [33mvalue[39m=[32m"No Degree Selected"[39m
                            [36m>[39m
                              [0mNo Degree Selected[0m
                            [36m</option>[39m
                            [36m<option[39m
                              [33mtitle[39m=[32m"How do automatic translation apps work? How do driverless cars “see” the road? What has been behind the recent streak of computer programs beating human world champions at all kinds of games? The AI and Robotics concentration is concerned with understanding the building blocks of cognition, as well as applying them to the development of systems that are able to perform tasks traditionally associated with human brainpower, dexterity, and/or mobility. Courses in this concentration will cover abstract notions of intelligence, including logical reasoning, knowledge representation, language, and planning; a spectrum of methods for pattern analysis and learning-by-example, including deep learning and neural networks; and skills for embodied agents, such as perception (via visual and other sensors), navigation, and interaction."[39m
                              [33mvalue[39m=[32m"Artificial Intelligence and Robotics Concentration"[39m
                            [36m>[39m
                              [0mArtificial Intelligence and Robotics Concentration[0m
                            [36m</option>[39m
                            [36m<option[39m
                              [33mtitle[39m=[32m"Bioinformatics lies at the intersection of computational science and biology. The field is gaining impact in recent years as biology becomes increasingly data-centric and quantitative. There is a growing need for individuals with training in biology, chemistry, and computer science. This concentration combines background in life sciences with expertise in computational methods to fill this need. Students successfully completing this concentration will be well-prepared for graduate studies in computer science or bioinformatics and for a variety of interdisciplinary careers in industry and in health and research institutes."[39m
                              [33mvalue[39m=[32m"Bioinformatics Concentration"[39m
                            [36m>[39m
                              [0mBioinformatics Concentration[0m
                            [36m</option>[39m
                            [36m<option[39m
                              [33mtitle[39m=[32m"Backdoor vulnerabilities. Denial of service attacks. Viruses, worms, and cyberintrusions. Massive security breaches at major corporations, government facilities, and other institutions are announced on a regular basis. Is it any surprise that cybersecurity experts are among the most in-demand computer science professionals? Students in this concentration study the whole spectrum of vulnerabilities as well as countermeasures to defend against them. Learn how to design secure software/hardware systems and networks; explore intrusion detection, cryptographic protocols, firewalls, and access control, among other topics."[39m
                              [33mvalue[39m=[32m"Cybersecurity Concentration"[39m
                            [36m>[39m
                              [0mCybersecurity Concentration[0m
                            [36m</option>[39m
                            [36m<option[39m
                              [33mtitle[39m=[32m"Data is everywhere. Large and diverse datasets representing every aspect of modern life are now available. These data come in a variety of forms that can be either structured or unstructured. Data science is concerned with translating these disparate data sources into useful knowledge, through application of techniques drawn from computer science, mathematics, and statistics. The data science concentration provides the core background necessary for representing, analyzing, managing and putting these datasets to use in real-world applications. This concentration combines courses in advanced mathematics, statistics, artificial intelligence, machine learning, and data mining, preparing students to make contributions in this highly interdisciplinary field."[39m
                              [33mvalue[39m=[32m"Data Science Concentration"[39m
                            [36m>[39m
                              [0mData Science Concentration[0m
                            [36m</option>[39m
                            [36m<option[39m
                              [33mtitle[39m=[32m"High Performance Computing researchers and engineers are applying the world’s most powerful computers to a wide array of scientific and engineering challenges, including climate modeling, weather prediction, the design of aircraft, skyscrapers, and automobiles, the development of new pharmaceuticals and medical treatments, modeling of the human brain, galactic interaction, and the nature of matter. The HPC concentration delves into all aspects of these advanced computing systems, from the hardware level to the programming languages, parallel algorithms, mathematical underpinnings, and applications. The concentration also offers a choice between a data track which focuses on data analysis and statistics, and an applied mathematics track which focuses on the mathematical tools used to model real-world phenomena."[39m
                              [33mvalue[39...

      122 |         // this is where the testing of the search and edit features would goes
      123 |         test("Testing Create Course Button Renders", () => {
    > 124 |             expect(screen.getAllByText("Create Course"));
          |                           ^
      125 |         });
      126 |         //Testing Add Existing Course
      127 |         test("Testing Create Course Button Renders", () => {

      at Object.getElementError (node_modules/@testing-library/dom/dist/config.js:38:19)
      at node_modules/@testing-library/dom/dist/query-helpers.js:90:38
      at getAllByText (node_modules/@testing-library/dom/dist/query-helpers.js:130:15)
      at Object.<anonymous> (src/Tests/SchedulerPage.test.tsx:124:27)

  ● Testing aspects of the  › Testing the Select Taken UI › Testing Create Course Button Renders

    TestingLibraryElementError: Unable to find an element with the text: Add Existing. This could be because the text is broken up by multiple elements. In this case, you can provide a function for your text matcher to make your matcher more flexible.

    Ignored nodes: comments, <script />, <style />
    [36m<body>[39m
      [36m<div>[39m
        [36m<div[39m
          [33mclass[39m=[32m"App"[39m
        [36m>[39m
          [36m<div>[39m
            [36m<div[39m
              [33mclass[39m=[32m"App"[39m
            [36m>[39m
              [36m<header[39m
                [33mclass[39m=[32m"App-header"[39m
              [36m>[39m
                [0mComputer & Information Sciences Degree Planner[0m
              [36m</header>[39m
              [36m<div[39m
                [33mclass[39m=[32m"body"[39m
              [36m>[39m
                [36m<div[39m
                  [33mclass[39m=[32m"container"[39m
                [36m>[39m
                  [36m<div[39m
                    [33mclass[39m=[32m"row"[39m
                  [36m>[39m
                    [36m<div[39m
                      [33mclass[39m=[32m"center col"[39m
                    [36m>[39m
                      [36m<div>[39m
                        [36m<div>[39m
                          [36m<label[39m
                            [33mclass[39m=[32m"form-label"[39m
                            [33mfor[39m=[32m"Degrees"[39m
                          [36m>[39m
                            [36m<strong>[39m
                              [0mDegrees[0m
                            [36m</strong>[39m
                          [36m</label>[39m
                          [36m<select[39m
                            [33mclass[39m=[32m"dropdownForm form-select"[39m
                            [33mdata-testid[39m=[32m"dropdown"[39m
                            [33mid[39m=[32m"Degrees"[39m
                          [36m>[39m
                            [36m<option[39m
                              [33mtitle[39m=[32m"No Degree has been selected"[39m
                              [33mvalue[39m=[32m"No Degree Selected"[39m
                            [36m>[39m
                              [0mNo Degree Selected[0m
                            [36m</option>[39m
                            [36m<option[39m
                              [33mtitle[39m=[32m"How do automatic translation apps work? How do driverless cars “see” the road? What has been behind the recent streak of computer programs beating human world champions at all kinds of games? The AI and Robotics concentration is concerned with understanding the building blocks of cognition, as well as applying them to the development of systems that are able to perform tasks traditionally associated with human brainpower, dexterity, and/or mobility. Courses in this concentration will cover abstract notions of intelligence, including logical reasoning, knowledge representation, language, and planning; a spectrum of methods for pattern analysis and learning-by-example, including deep learning and neural networks; and skills for embodied agents, such as perception (via visual and other sensors), navigation, and interaction."[39m
                              [33mvalue[39m=[32m"Artificial Intelligence and Robotics Concentration"[39m
                            [36m>[39m
                              [0mArtificial Intelligence and Robotics Concentration[0m
                            [36m</option>[39m
                            [36m<option[39m
                              [33mtitle[39m=[32m"Bioinformatics lies at the intersection of computational science and biology. The field is gaining impact in recent years as biology becomes increasingly data-centric and quantitative. There is a growing need for individuals with training in biology, chemistry, and computer science. This concentration combines background in life sciences with expertise in computational methods to fill this need. Students successfully completing this concentration will be well-prepared for graduate studies in computer science or bioinformatics and for a variety of interdisciplinary careers in industry and in health and research institutes."[39m
                              [33mvalue[39m=[32m"Bioinformatics Concentration"[39m
                            [36m>[39m
                              [0mBioinformatics Concentration[0m
                            [36m</option>[39m
                            [36m<option[39m
                              [33mtitle[39m=[32m"Backdoor vulnerabilities. Denial of service attacks. Viruses, worms, and cyberintrusions. Massive security breaches at major corporations, government facilities, and other institutions are announced on a regular basis. Is it any surprise that cybersecurity experts are among the most in-demand computer science professionals? Students in this concentration study the whole spectrum of vulnerabilities as well as countermeasures to defend against them. Learn how to design secure software/hardware systems and networks; explore intrusion detection, cryptographic protocols, firewalls, and access control, among other topics."[39m
                              [33mvalue[39m=[32m"Cybersecurity Concentration"[39m
                            [36m>[39m
                              [0mCybersecurity Concentration[0m
                            [36m</option>[39m
                            [36m<option[39m
                              [33mtitle[39m=[32m"Data is everywhere. Large and diverse datasets representing every aspect of modern life are now available. These data come in a variety of forms that can be either structured or unstructured. Data science is concerned with translating these disparate data sources into useful knowledge, through application of techniques drawn from computer science, mathematics, and statistics. The data science concentration provides the core background necessary for representing, analyzing, managing and putting these datasets to use in real-world applications. This concentration combines courses in advanced mathematics, statistics, artificial intelligence, machine learning, and data mining, preparing students to make contributions in this highly interdisciplinary field."[39m
                              [33mvalue[39m=[32m"Data Science Concentration"[39m
                            [36m>[39m
                              [0mData Science Concentration[0m
                            [36m</option>[39m
                            [36m<option[39m
                              [33mtitle[39m=[32m"High Performance Computing researchers and engineers are applying the world’s most powerful computers to a wide array of scientific and engineering challenges, including climate modeling, weather prediction, the design of aircraft, skyscrapers, and automobiles, the development of new pharmaceuticals and medical treatments, modeling of the human brain, galactic interaction, and the nature of matter. The HPC concentration delves into all aspects of these advanced computing systems, from the hardware level to the programming languages, parallel algorithms, mathematical underpinnings, and applications. The concentration also offers a choice between a data track which focuses on data analysis and statistics, and an applied mathematics track which focuses on the mathematical tools used to model real-world phenomena."[39m
                              [33mvalue[39...

      126 |         //Testing Add Existing Course
      127 |         test("Testing Create Course Button Renders", () => {
    > 128 |             expect(screen.getAllByText("Add Existing"));
          |                           ^
      129 |         });
      130 |     });
      131 |     describe("Testing the Semster UI", () => {

      at Object.getElementError (node_modules/@testing-library/dom/dist/config.js:38:19)
      at node_modules/@testing-library/dom/dist/query-helpers.js:90:38
      at getAllByText (node_modules/@testing-library/dom/dist/query-helpers.js:130:15)
      at Object.<anonymous> (src/Tests/SchedulerPage.test.tsx:128:27)

  ● Testing aspects of the  › Testing the Semster UI › Testing removing a semester from the semester list/degree view

    TestingLibraryElementError: Unable to find an element by: [data-testid="remove-sem"]

    Ignored nodes: comments, <script />, <style />
    [36m<body>[39m
      [36m<div>[39m
        [36m<div[39m
          [33mclass[39m=[32m"App"[39m
        [36m>[39m
          [36m<div>[39m
            [36m<div[39m
              [33mclass[39m=[32m"App"[39m
            [36m>[39m
              [36m<header[39m
                [33mclass[39m=[32m"App-header"[39m
              [36m>[39m
                [0mComputer & Information Sciences Degree Planner[0m
              [36m</header>[39m
              [36m<div[39m
                [33mclass[39m=[32m"body"[39m
              [36m>[39m
                [36m<div[39m
                  [33mclass[39m=[32m"container"[39m
                [36m>[39m
                  [36m<div[39m
                    [33mclass[39m=[32m"row"[39m
                  [36m>[39m
                    [36m<div[39m
                      [33mclass[39m=[32m"center col"[39m
                    [36m>[39m
                      [36m<div>[39m
                        [36m<div>[39m
                          [36m<label[39m
                            [33mclass[39m=[32m"form-label"[39m
                            [33mfor[39m=[32m"Degrees"[39m
                          [36m>[39m
                            [36m<strong>[39m
                              [0mDegrees[0m
                            [36m</strong>[39m
                          [36m</label>[39m
                          [36m<select[39m
                            [33mclass[39m=[32m"dropdownForm form-select"[39m
                            [33mdata-testid[39m=[32m"dropdown"[39m
                            [33mid[39m=[32m"Degrees"[39m
                          [36m>[39m
                            [36m<option[39m
                              [33mtitle[39m=[32m"No Degree has been selected"[39m
                              [33mvalue[39m=[32m"No Degree Selected"[39m
                            [36m>[39m
                              [0mNo Degree Selected[0m
                            [36m</option>[39m
                            [36m<option[39m
                              [33mtitle[39m=[32m"How do automatic translation apps work? How do driverless cars “see” the road? What has been behind the recent streak of computer programs beating human world champions at all kinds of games? The AI and Robotics concentration is concerned with understanding the building blocks of cognition, as well as applying them to the development of systems that are able to perform tasks traditionally associated with human brainpower, dexterity, and/or mobility. Courses in this concentration will cover abstract notions of intelligence, including logical reasoning, knowledge representation, language, and planning; a spectrum of methods for pattern analysis and learning-by-example, including deep learning and neural networks; and skills for embodied agents, such as perception (via visual and other sensors), navigation, and interaction."[39m
                              [33mvalue[39m=[32m"Artificial Intelligence and Robotics Concentration"[39m
                            [36m>[39m
                              [0mArtificial Intelligence and Robotics Concentration[0m
                            [36m</option>[39m
                            [36m<option[39m
                              [33mtitle[39m=[32m"Bioinformatics lies at the intersection of computational science and biology. The field is gaining impact in recent years as biology becomes increasingly data-centric and quantitative. There is a growing need for individuals with training in biology, chemistry, and computer science. This concentration combines background in life sciences with expertise in computational methods to fill this need. Students successfully completing this concentration will be well-prepared for graduate studies in computer science or bioinformatics and for a variety of interdisciplinary careers in industry and in health and research institutes."[39m
                              [33mvalue[39m=[32m"Bioinformatics Concentration"[39m
                            [36m>[39m
                              [0mBioinformatics Concentration[0m
                            [36m</option>[39m
                            [36m<option[39m
                              [33mtitle[39m=[32m"Backdoor vulnerabilities. Denial of service attacks. Viruses, worms, and cyberintrusions. Massive security breaches at major corporations, government facilities, and other institutions are announced on a regular basis. Is it any surprise that cybersecurity experts are among the most in-demand computer science professionals? Students in this concentration study the whole spectrum of vulnerabilities as well as countermeasures to defend against them. Learn how to design secure software/hardware systems and networks; explore intrusion detection, cryptographic protocols, firewalls, and access control, among other topics."[39m
                              [33mvalue[39m=[32m"Cybersecurity Concentration"[39m
                            [36m>[39m
                              [0mCybersecurity Concentration[0m
                            [36m</option>[39m
                            [36m<option[39m
                              [33mtitle[39m=[32m"Data is everywhere. Large and diverse datasets representing every aspect of modern life are now available. These data come in a variety of forms that can be either structured or unstructured. Data science is concerned with translating these disparate data sources into useful knowledge, through application of techniques drawn from computer science, mathematics, and statistics. The data science concentration provides the core background necessary for representing, analyzing, managing and putting these datasets to use in real-world applications. This concentration combines courses in advanced mathematics, statistics, artificial intelligence, machine learning, and data mining, preparing students to make contributions in this highly interdisciplinary field."[39m
                              [33mvalue[39m=[32m"Data Science Concentration"[39m
                            [36m>[39m
                              [0mData Science Concentration[0m
                            [36m</option>[39m
                            [36m<option[39m
                              [33mtitle[39m=[32m"High Performance Computing researchers and engineers are applying the world’s most powerful computers to a wide array of scientific and engineering challenges, including climate modeling, weather prediction, the design of aircraft, skyscrapers, and automobiles, the development of new pharmaceuticals and medical treatments, modeling of the human brain, galactic interaction, and the nature of matter. The HPC concentration delves into all aspects of these advanced computing systems, from the hardware level to the programming languages, parallel algorithms, mathematical underpinnings, and applications. The concentration also offers a choice between a data track which focuses on data analysis and statistics, and an applied mathematics track which focuses on the mathematical tools used to model real-world phenomena."[39m
                              [33mvalue[39...

      163 |             addSemButton.click();
      164 |             //remove the semester
    > 165 |             const removeSemButton = screen.getByTestId("remove-sem");
          |                                            ^
      166 |             removeSemButton.click();
      167 |             expect(screen.getByText(/Hide Form/i));
      168 |         });

      at Object.getElementError (node_modules/@testing-library/dom/dist/config.js:38:19)
      at node_modules/@testing-library/dom/dist/query-helpers.js:90:38
      at node_modules/@testing-library/dom/dist/query-helpers.js:62:17
      at getByTestId (node_modules/@testing-library/dom/dist/query-helpers.js:111:19)
      at Object.<anonymous> (src/Tests/SchedulerPage.test.tsx:165:44)

FAIL src/Tests/Homepage.test.tsx (5.806 s)
  ● Testing everything on the homepage › Testing the Select Taken UI › Testing to see if taken starts off as false

    TestingLibraryElementError: Unable to find an element with the text: /Course Name: EGGG101: Introduction to Engineering...Taken: ❌/i. This could be because the text is broken up by multiple elements. In this case, you can provide a function for your text matcher to make your matcher more flexible.

    Ignored nodes: comments, <script />, <style />
    [36m<body>[39m
      [36m<div>[39m
        [36m<div[39m
          [33mclass[39m=[32m"App"[39m
        [36m>[39m
          [36m<div>[39m
            [36m<div[39m
              [33mclass[39m=[32m"App"[39m
            [36m>[39m
              [36m<header[39m
                [33mclass[39m=[32m"App-header"[39m
              [36m>[39m
                [0mComputer & Information Sciences Degree Planner[0m
              [36m</header>[39m
              [36m<div[39m
                [33mclass[39m=[32m"body"[39m
              [36m>[39m
                [36m<div[39m
                  [33mclass[39m=[32m"container"[39m
                [36m>[39m
                  [36m<div[39m
                    [33mclass[39m=[32m"row"[39m
                  [36m>[39m
                    [36m<div[39m
                      [33mclass[39m=[32m"center col"[39m
                    [36m>[39m
                      [36m<div>[39m
                        [36m<div>[39m
                          [36m<label[39m
                            [33mclass[39m=[32m"form-label"[39m
                            [33mfor[39m=[32m"Degrees"[39m
                          [36m>[39m
                            [36m<strong>[39m
                              [0mDegrees[0m
                            [36m</strong>[39m
                          [36m</label>[39m
                          [36m<select[39m
                            [33mclass[39m=[32m"dropdownForm form-select"[39m
                            [33mdata-testid[39m=[32m"dropdown"[39m
                            [33mid[39m=[32m"Degrees"[39m
                          [36m>[39m
                            [36m<option[39m
                              [33mtitle[39m=[32m"No Degree has been selected"[39m
                              [33mvalue[39m=[32m"No Degree Selected"[39m
                            [36m>[39m
                              [0mNo Degree Selected[0m
                            [36m</option>[39m
                            [36m<option[39m
                              [33mtitle[39m=[32m"How do automatic translation apps work? How do driverless cars “see” the road? What has been behind the recent streak of computer programs beating human world champions at all kinds of games? The AI and Robotics concentration is concerned with understanding the building blocks of cognition, as well as applying them to the development of systems that are able to perform tasks traditionally associated with human brainpower, dexterity, and/or mobility. Courses in this concentration will cover abstract notions of intelligence, including logical reasoning, knowledge representation, language, and planning; a spectrum of methods for pattern analysis and learning-by-example, including deep learning and neural networks; and skills for embodied agents, such as perception (via visual and other sensors), navigation, and interaction."[39m
                              [33mvalue[39m=[32m"Artificial Intelligence and Robotics Concentration"[39m
                            [36m>[39m
                              [0mArtificial Intelligence and Robotics Concentration[0m
                            [36m</option>[39m
                            [36m<option[39m
                              [33mtitle[39m=[32m"Bioinformatics lies at the intersection of computational science and biology. The field is gaining impact in recent years as biology becomes increasingly data-centric and quantitative. There is a growing need for individuals with training in biology, chemistry, and computer science. This concentration combines background in life sciences with expertise in computational methods to fill this need. Students successfully completing this concentration will be well-prepared for graduate studies in computer science or bioinformatics and for a variety of interdisciplinary careers in industry and in health and research institutes."[39m
                              [33mvalue[39m=[32m"Bioinformatics Concentration"[39m
                            [36m>[39m
                              [0mBioinformatics Concentration[0m
                            [36m</option>[39m
                            [36m<option[39m
                              [33mtitle[39m=[32m"Backdoor vulnerabilities. Denial of service attacks. Viruses, worms, and cyberintrusions. Massive security breaches at major corporations, government facilities, and other institutions are announced on a regular basis. Is it any surprise that cybersecurity experts are among the most in-demand computer science professionals? Students in this concentration study the whole spectrum of vulnerabilities as well as countermeasures to defend against them. Learn how to design secure software/hardware systems and networks; explore intrusion detection, cryptographic protocols, firewalls, and access control, among other topics."[39m
                              [33mvalue[39m=[32m"Cybersecurity Concentration"[39m
                            [36m>[39m
                              [0mCybersecurity Concentration[0m
                            [36m</option>[39m
                            [36m<option[39m
                              [33mtitle[39m=[32m"Data is everywhere. Large and diverse datasets representing every aspect of modern life are now available. These data come in a variety of forms that can be either structured or unstructured. Data science is concerned with translating these disparate data sources into useful knowledge, through application of techniques drawn from computer science, mathematics, and statistics. The data science concentration provides the core background necessary for representing, analyzing, managing and putting these datasets to use in real-world applications. This concentration combines courses in advanced mathematics, statistics, artificial intelligence, machine learning, and data mining, preparing students to make contributions in this highly interdisciplinary field."[39m
                              [33mvalue[39m=[32m"Data Science Concentration"[39m
                            [36m>[39m
                              [0mData Science Concentration[0m
                            [36m</option>[39m
                            [36m<option[39m
                              [33mtitle[39m=[32m"High Performance Computing researchers and engineers are applying the world’s most powerful computers to a wide array of scientific and engineering challenges, including climate modeling, weather prediction, the design of aircraft, skyscrapers, and automobiles, the development of new pharmaceuticals and medical treatments, modeling of the human brain, galactic interaction, and the nature of matter. The HPC concentration delves into all aspects of these advanced computing systems, from the hardware level to the programming languages, parallel algorithms, mathematical underpinnings, and applications. The concentration also offers a choice between a data track which focuses on data analysis and statistics, and an applied mathematics track which focuses on the mathematical tools used to model real-world phenomena."[39m
                              [33mvalue[39...

      21 |         test("Testing to see if taken starts off as false", () => {
      22 |             expect(
    > 23 |                 screen.getByText(
         |                        ^
      24 |                     /Course Name: EGGG101: Introduction to Engineering...Taken: ❌/i
      25 |                 )
      26 |             ).toBeInTheDocument;

      at Object.getElementError (node_modules/@testing-library/dom/dist/config.js:38:19)
      at node_modules/@testing-library/dom/dist/query-helpers.js:90:38
      at node_modules/@testing-library/dom/dist/query-helpers.js:62:17
      at getByText (node_modules/@testing-library/dom/dist/query-helpers.js:111:19)
      at Object.<anonymous> (src/Tests/Homepage.test.tsx:23:24)

  ● Testing everything on the homepage › Testing the Select Taken UI › Testing to see if the user can check the check box and change the status of taken

    TestingLibraryElementError: Unable to find an element with the text: /Course Name: EGGG101: Introduction to Engineering...Taken: ✔️/i. This could be because the text is broken up by multiple elements. In this case, you can provide a function for your text matcher to make your matcher more flexible.

    Ignored nodes: comments, <script />, <style />
    [36m<body>[39m
      [36m<div>[39m
        [36m<div[39m
          [33mclass[39m=[32m"App"[39m
        [36m>[39m
          [36m<div>[39m
            [36m<div[39m
              [33mclass[39m=[32m"App"[39m
            [36m>[39m
              [36m<header[39m
                [33mclass[39m=[32m"App-header"[39m
              [36m>[39m
                [0mComputer & Information Sciences Degree Planner[0m
              [36m</header>[39m
              [36m<div[39m
                [33mclass[39m=[32m"body"[39m
              [36m>[39m
                [36m<div[39m
                  [33mclass[39m=[32m"container"[39m
                [36m>[39m
                  [36m<div[39m
                    [33mclass[39m=[32m"row"[39m
                  [36m>[39m
                    [36m<div[39m
                      [33mclass[39m=[32m"center col"[39m
                    [36m>[39m
                      [36m<div>[39m
                        [36m<div>[39m
                          [36m<label[39m
                            [33mclass[39m=[32m"form-label"[39m
                            [33mfor[39m=[32m"Degrees"[39m
                          [36m>[39m
                            [36m<strong>[39m
                              [0mDegrees[0m
                            [36m</strong>[39m
                          [36m</label>[39m
                          [36m<select[39m
                            [33mclass[39m=[32m"dropdownForm form-select"[39m
                            [33mdata-testid[39m=[32m"dropdown"[39m
                            [33mid[39m=[32m"Degrees"[39m
                          [36m>[39m
                            [36m<option[39m
                              [33mtitle[39m=[32m"No Degree has been selected"[39m
                              [33mvalue[39m=[32m"No Degree Selected"[39m
                            [36m>[39m
                              [0mNo Degree Selected[0m
                            [36m</option>[39m
                            [36m<option[39m
                              [33mtitle[39m=[32m"How do automatic translation apps work? How do driverless cars “see” the road? What has been behind the recent streak of computer programs beating human world champions at all kinds of games? The AI and Robotics concentration is concerned with understanding the building blocks of cognition, as well as applying them to the development of systems that are able to perform tasks traditionally associated with human brainpower, dexterity, and/or mobility. Courses in this concentration will cover abstract notions of intelligence, including logical reasoning, knowledge representation, language, and planning; a spectrum of methods for pattern analysis and learning-by-example, including deep learning and neural networks; and skills for embodied agents, such as perception (via visual and other sensors), navigation, and interaction."[39m
                              [33mvalue[39m=[32m"Artificial Intelligence and Robotics Concentration"[39m
                            [36m>[39m
                              [0mArtificial Intelligence and Robotics Concentration[0m
                            [36m</option>[39m
                            [36m<option[39m
                              [33mtitle[39m=[32m"Bioinformatics lies at the intersection of computational science and biology. The field is gaining impact in recent years as biology becomes increasingly data-centric and quantitative. There is a growing need for individuals with training in biology, chemistry, and computer science. This concentration combines background in life sciences with expertise in computational methods to fill this need. Students successfully completing this concentration will be well-prepared for graduate studies in computer science or bioinformatics and for a variety of interdisciplinary careers in industry and in health and research institutes."[39m
                              [33mvalue[39m=[32m"Bioinformatics Concentration"[39m
                            [36m>[39m
                              [0mBioinformatics Concentration[0m
                            [36m</option>[39m
                            [36m<option[39m
                              [33mtitle[39m=[32m"Backdoor vulnerabilities. Denial of service attacks. Viruses, worms, and cyberintrusions. Massive security breaches at major corporations, government facilities, and other institutions are announced on a regular basis. Is it any surprise that cybersecurity experts are among the most in-demand computer science professionals? Students in this concentration study the whole spectrum of vulnerabilities as well as countermeasures to defend against them. Learn how to design secure software/hardware systems and networks; explore intrusion detection, cryptographic protocols, firewalls, and access control, among other topics."[39m
                              [33mvalue[39m=[32m"Cybersecurity Concentration"[39m
                            [36m>[39m
                              [0mCybersecurity Concentration[0m
                            [36m</option>[39m
                            [36m<option[39m
                              [33mtitle[39m=[32m"Data is everywhere. Large and diverse datasets representing every aspect of modern life are now available. These data come in a variety of forms that can be either structured or unstructured. Data science is concerned with translating these disparate data sources into useful knowledge, through application of techniques drawn from computer science, mathematics, and statistics. The data science concentration provides the core background necessary for representing, analyzing, managing and putting these datasets to use in real-world applications. This concentration combines courses in advanced mathematics, statistics, artificial intelligence, machine learning, and data mining, preparing students to make contributions in this highly interdisciplinary field."[39m
                              [33mvalue[39m=[32m"Data Science Concentration"[39m
                            [36m>[39m
                              [0mData Science Concentration[0m
                            [36m</option>[39m
                            [36m<option[39m
                              [33mtitle[39m=[32m"High Performance Computing researchers and engineers are applying the world’s most powerful computers to a wide array of scientific and engineering challenges, including climate modeling, weather prediction, the design of aircraft, skyscrapers, and automobiles, the development of new pharmaceuticals and medical treatments, modeling of the human brain, galactic interaction, and the nature of matter. The HPC concentration delves into all aspects of these advanced computing systems, from the hardware level to the programming languages, parallel algorithms, mathematical underpinnings, and applications. The concentration also offers a choice between a data track which focuses on data analysis and statistics, and an applied mathematics track which focuses on the mathematical tools used to model real-world phenomena."[39m
                              [33mvalue[39...

      41 |                 screen.getAllByRole("checkbox");
      42 |             checkboxes[0].click();
    > 43 |             screen.getByText(
         |                    ^
      44 |                 /Course Name: EGGG101: Introduction to Engineering...Taken: ✔️/i
      45 |             );
      46 |         });

      at Object.getElementError (node_modules/@testing-library/dom/dist/config.js:38:19)
      at node_modules/@testing-library/dom/dist/query-helpers.js:90:38
      at node_modules/@testing-library/dom/dist/query-helpers.js:62:17
      at getByText (node_modules/@testing-library/dom/dist/query-helpers.js:111:19)
      at Object.<anonymous> (src/Tests/Homepage.test.tsx:43:20)

  ● Testing everything on the homepage › Testing the Select Taken UI › Testing to see if changing the status of taken twice gets us back to not taken

    TestingLibraryElementError: Unable to find an element with the text: /Course Name: EGGG101: Introduction to Engineering...Taken: ✔️/i. This could be because the text is broken up by multiple elements. In this case, you can provide a function for your text matcher to make your matcher more flexible.

    Ignored nodes: comments, <script />, <style />
    [36m<body>[39m
      [36m<div>[39m
        [36m<div[39m
          [33mclass[39m=[32m"App"[39m
        [36m>[39m
          [36m<div>[39m
            [36m<div[39m
              [33mclass[39m=[32m"App"[39m
            [36m>[39m
              [36m<header[39m
                [33mclass[39m=[32m"App-header"[39m
              [36m>[39m
                [0mComputer & Information Sciences Degree Planner[0m
              [36m</header>[39m
              [36m<div[39m
                [33mclass[39m=[32m"body"[39m
              [36m>[39m
                [36m<div[39m
                  [33mclass[39m=[32m"container"[39m
                [36m>[39m
                  [36m<div[39m
                    [33mclass[39m=[32m"row"[39m
                  [36m>[39m
                    [36m<div[39m
                      [33mclass[39m=[32m"center col"[39m
                    [36m>[39m
                      [36m<div>[39m
                        [36m<div>[39m
                          [36m<label[39m
                            [33mclass[39m=[32m"form-label"[39m
                            [33mfor[39m=[32m"Degrees"[39m
                          [36m>[39m
                            [36m<strong>[39m
                              [0mDegrees[0m
                            [36m</strong>[39m
                          [36m</label>[39m
                          [36m<select[39m
                            [33mclass[39m=[32m"dropdownForm form-select"[39m
                            [33mdata-testid[39m=[32m"dropdown"[39m
                            [33mid[39m=[32m"Degrees"[39m
                          [36m>[39m
                            [36m<option[39m
                              [33mtitle[39m=[32m"No Degree has been selected"[39m
                              [33mvalue[39m=[32m"No Degree Selected"[39m
                            [36m>[39m
                              [0mNo Degree Selected[0m
                            [36m</option>[39m
                            [36m<option[39m
                              [33mtitle[39m=[32m"How do automatic translation apps work? How do driverless cars “see” the road? What has been behind the recent streak of computer programs beating human world champions at all kinds of games? The AI and Robotics concentration is concerned with understanding the building blocks of cognition, as well as applying them to the development of systems that are able to perform tasks traditionally associated with human brainpower, dexterity, and/or mobility. Courses in this concentration will cover abstract notions of intelligence, including logical reasoning, knowledge representation, language, and planning; a spectrum of methods for pattern analysis and learning-by-example, including deep learning and neural networks; and skills for embodied agents, such as perception (via visual and other sensors), navigation, and interaction."[39m
                              [33mvalue[39m=[32m"Artificial Intelligence and Robotics Concentration"[39m
                            [36m>[39m
                              [0mArtificial Intelligence and Robotics Concentration[0m
                            [36m</option>[39m
                            [36m<option[39m
                              [33mtitle[39m=[32m"Bioinformatics lies at the intersection of computational science and biology. The field is gaining impact in recent years as biology becomes increasingly data-centric and quantitative. There is a growing need for individuals with training in biology, chemistry, and computer science. This concentration combines background in life sciences with expertise in computational methods to fill this need. Students successfully completing this concentration will be well-prepared for graduate studies in computer science or bioinformatics and for a variety of interdisciplinary careers in industry and in health and research institutes."[39m
                              [33mvalue[39m=[32m"Bioinformatics Concentration"[39m
                            [36m>[39m
                              [0mBioinformatics Concentration[0m
                            [36m</option>[39m
                            [36m<option[39m
                              [33mtitle[39m=[32m"Backdoor vulnerabilities. Denial of service attacks. Viruses, worms, and cyberintrusions. Massive security breaches at major corporations, government facilities, and other institutions are announced on a regular basis. Is it any surprise that cybersecurity experts are among the most in-demand computer science professionals? Students in this concentration study the whole spectrum of vulnerabilities as well as countermeasures to defend against them. Learn how to design secure software/hardware systems and networks; explore intrusion detection, cryptographic protocols, firewalls, and access control, among other topics."[39m
                              [33mvalue[39m=[32m"Cybersecurity Concentration"[39m
                            [36m>[39m
                              [0mCybersecurity Concentration[0m
                            [36m</option>[39m
                            [36m<option[39m
                              [33mtitle[39m=[32m"Data is everywhere. Large and diverse datasets representing every aspect of modern life are now available. These data come in a variety of forms that can be either structured or unstructured. Data science is concerned with translating these disparate data sources into useful knowledge, through application of techniques drawn from computer science, mathematics, and statistics. The data science concentration provides the core background necessary for representing, analyzing, managing and putting these datasets to use in real-world applications. This concentration combines courses in advanced mathematics, statistics, artificial intelligence, machine learning, and data mining, preparing students to make contributions in this highly interdisciplinary field."[39m
                              [33mvalue[39m=[32m"Data Science Concentration"[39m
                            [36m>[39m
                              [0mData Science Concentration[0m
                            [36m</option>[39m
                            [36m<option[39m
                              [33mtitle[39m=[32m"High Performance Computing researchers and engineers are applying the world’s most powerful computers to a wide array of scientific and engineering challenges, including climate modeling, weather prediction, the design of aircraft, skyscrapers, and automobiles, the development of new pharmaceuticals and medical treatments, modeling of the human brain, galactic interaction, and the nature of matter. The HPC concentration delves into all aspects of these advanced computing systems, from the hardware level to the programming languages, parallel algorithms, mathematical underpinnings, and applications. The concentration also offers a choice between a data track which focuses on data analysis and statistics, and an applied mathematics track which focuses on the mathematical tools used to model real-world phenomena."[39m
                              [33mvalue[39...

      50 |             checkboxes[0].click();
      51 |             checkboxes[0].click();
    > 52 |             screen.getByText(
         |                    ^
      53 |                 /Course Name: EGGG101: Introduction to Engineering...Taken: ✔️/i
      54 |             );
      55 |             checkboxes[0].click();

      at Object.getElementError (node_modules/@testing-library/dom/dist/config.js:38:19)
      at node_modules/@testing-library/dom/dist/query-helpers.js:90:38
      at node_modules/@testing-library/dom/dist/query-helpers.js:62:17
      at getByText (node_modules/@testing-library/dom/dist/query-helpers.js:111:19)
      at Object.<anonymous> (src/Tests/Homepage.test.tsx:52:20)

PASS src/App.test.tsx
-----------------------------|---------|----------|---------|---------|----------------------------
File                         | % Stmts | % Branch | % Funcs | % Lines | Uncovered Line #s          
-----------------------------|---------|----------|---------|---------|----------------------------
All files                    |   58.25 |    46.57 |   33.63 |   58.53 |                            
 src                         |     100 |    83.33 |     100 |     100 |                            
  App.tsx                    |     100 |    83.33 |     100 |     100 | 30                         
 src/components              |   35.47 |    44.61 |   30.09 |   35.74 |                            
  AddExisting.tsx            |      20 |    27.27 |      20 |      20 | 34,39-63,77                
  CourseLists.tsx            |     100 |      100 |     100 |     100 |                            
  CreateCourse.tsx           |      20 |       50 |      20 |      20 | 46-73                      
  DropdownDegrees.tsx        |     100 |      100 |     100 |     100 |                            
  EditInterface.tsx          |       0 |        0 |       0 |       0 | 14-61                      
  ExportCSV.tsx              |      50 |      100 |   33.33 |      50 | 18-30                      
  FindCourse.tsx             |   46.42 |       50 |      30 |   46.42 | 28-44,49-53,59,92-107      
  Homepage.tsx               |     100 |      100 |     100 |     100 |                            
  ImportCSV.tsx              |       0 |        0 |       0 |       0 | 6-27                       
  Information.tsx            |   71.42 |       50 |      50 |   71.42 | 21-40                      
  MakeSemester.tsx           |   17.74 |     37.5 |    4.76 |   18.03 | 36,41,56-64,68-138,179-245 
  PrintDegreesList.tsx       |   58.33 |      100 |      75 |   58.33 | 18-25                      
  SchedulerPage.tsx          |   66.66 |       75 |   52.63 |   68.18 | 33,40-41,56,77,111-124     
  SelectCoursesTaken.tsx     |   77.77 |      100 |      80 |   77.77 | 32-36                      
  Select_Courses_Taken.tsx   |       0 |        0 |       0 |       0 | 12-130                     
  Underconstruction.tsx      |       0 |      100 |       0 |       0 | 4                          
 src/interfaces              |   99.25 |        0 |   66.66 |   99.25 |                            
  AllCourses-AllDegrees.tsx  |     100 |      100 |     100 |     100 |                            
  Course-Degree-Semester.ts  |     100 |      100 |     100 |     100 |                            
  MakeDegree-MakeCourses.tsx |   66.66 |        0 |   66.66 |   66.66 | 41                         
-----------------------------|---------|----------|---------|---------|----------------------------

Test Suites: 2 failed, 1 passed, 3 total
Tests:       6 failed, 18 passed, 24 total
Snapshots:   0 total
Time:        19.109 s
Ran all test suites.
